Analyzing promt_app...

  error - lib\data\repositories\auth_repository.dart:9:38 - The class 'GoogleSignIn' doesn't have an unnamed constructor. Try using one of the named constructors defined in 'GoogleSignIn'. - new_with_undefined_constructor_default
  error - lib\data\repositories\auth_repository.dart:36:67 - The method 'signIn' isn't defined for the type 'GoogleSignIn'. Try correcting the name to the name of an existing method, or defining a method named 'signIn'. - undefined_method
  error - lib\data\repositories\auth_repository.dart:41:33 - The getter 'accessToken' isn't defined for the type 'GoogleSignInAuthentication'. Try importing the library that defines 'accessToken', correcting the name to the name of an existing getter, or defining a getter or field named 'accessToken'. - undefined_getter
warning - lib\screens\history\history_screen.dart:9:8 - Duplicate import. Try removing all but one import of the library. - duplicate_import
warning - lib\screens\splash\splash_screen.dart:2:8 - Unused import: 'package:provider/provider.dart'. Try removing the import directive. - unused_import
warning - lib\screens\splash\splash_screen.dart:4:8 - Unused import: '../../providers/auth_provider.dart'. Try removing the import directive. - unused_import
   info - lib\core\theme\app_theme.dart:33:35 - 'withOpacity' is deprecated and shouldn't be used. Use .withValues() to avoid precision loss. Try replacing the use of the deprecated member with the replacement. - deprecated_member_use
   info - lib\core\theme\app_theme.dart:114:35 - 'withOpacity' is deprecated and shouldn't be used. Use .withValues() to avoid precision loss. Try replacing the use of the deprecated member with the replacement. - deprecated_member_use
   info - lib\screens\auth\forgot_password_screen.dart:74:43 - 'withOpacity' is deprecated and shouldn't be used. Use .withValues() to avoid precision loss. Try replacing the use of the deprecated member with the replacement. - deprecated_member_use
   info - lib\screens\auth\forgot_password_screen.dart:92:81 - 'withOpacity' is deprecated and shouldn't be used. Use .withValues() to avoid precision loss. Try replacing the use of the deprecated member with the replacement. - deprecated_member_use
   info - lib\screens\auth\forgot_password_screen.dart:145:33 - 'withOpacity' is deprecated and shouldn't be used. Use .withValues() to avoid precision loss. Try replacing the use of the deprecated member with the replacement. - deprecated_member_use
   info - lib\screens\auth\forgot_password_screen.dart:163:81 - 'withOpacity' is deprecated and shouldn't be used. Use .withValues() to avoid precision loss. Try replacing the use of the deprecated member with the replacement. - deprecated_member_use
   info - lib\screens\auth\login_screen.dart:122:87 - 'withOpacity' is deprecated and shouldn't be used. Use .withValues() to avoid precision loss. Try replacing the use of the deprecated member with the replacement. - deprecated_member_use
   info - lib\screens\auth\login_screen.dart:200:127 - 'withOpacity' is deprecated and shouldn't be used. Use .withValues() to avoid precision loss. Try replacing the use of the deprecated member with the replacement. - deprecated_member_use
   info - lib\screens\auth\signup_screen.dart:140:87 - 'withOpacity' is deprecated and shouldn't be used. Use .withValues() to avoid precision loss. Try replacing the use of the deprecated member with the replacement. - deprecated_member_use
   info - lib\screens\auth\signup_screen.dart:241:127 - 'withOpacity' is deprecated and shouldn't be used. Use .withValues() to avoid precision loss. Try replacing the use of the deprecated member with the replacement. - deprecated_member_use
   info - lib\screens\favourites\favourites_screen.dart:97:47 - 'withOpacity' is deprecated and shouldn't be used. Use .withValues() to avoid precision loss. Try replacing the use of the deprecated member with the replacement. - deprecated_member_use
   info - lib\screens\history\history_screen.dart:195:53 - 'withOpacity' is deprecated and shouldn't be used. Use .withValues() to avoid precision loss. Try replacing the use of the deprecated member with the replacement. - deprecated_member_use
   info - lib\screens\history\history_screen.dart:313:78 - 'withOpacity' is deprecated and shouldn't be used. Use .withValues() to avoid precision loss. Try replacing the use of the deprecated member with the replacement. - deprecated_member_use
   info - lib\screens\home\home_view.dart:102:51 - 'withOpacity' is deprecated and shouldn't be used. Use .withValues() to avoid precision loss. Try replacing the use of the deprecated member with the replacement. - deprecated_member_use
   info - lib\screens\home\home_view.dart:242:89 - 'withOpacity' is deprecated and shouldn't be used. Use .withValues() to avoid precision loss. Try replacing the use of the deprecated member with the replacement. - deprecated_member_use
   info - lib\screens\home\home_view.dart:288:45 - 'withOpacity' is deprecated and shouldn't be used. Use .withValues() to avoid precision loss. Try replacing the use of the deprecated member with the replacement. - deprecated_member_use
   info - lib\screens\home\home_view.dart:343:78 - 'withOpacity' is deprecated and shouldn't be used. Use .withValues() to avoid precision loss. Try replacing the use of the deprecated member with the replacement. - deprecated_member_use
   info - lib\screens\home\home_view.dart:493:54 - 'withOpacity' is deprecated and shouldn't be used. Use .withValues() to avoid precision loss. Try replacing the use of the deprecated member with the replacement. - deprecated_member_use
   info - lib\screens\onboarding\onboarding_screen.dart:100:59 - 'withOpacity' is deprecated and shouldn't be used. Use .withValues() to avoid precision loss. Try replacing the use of the deprecated member with the replacement. - deprecated_member_use
   info - lib\screens\onboarding\onboarding_screen.dart:118:97 - 'withOpacity' is deprecated and shouldn't be used. Use .withValues() to avoid precision loss. Try replacing the use of the deprecated member with the replacement. - deprecated_member_use
   info - lib\screens\result\result_screen.dart:137:56 - 'withOpacity' is deprecated and shouldn't be used. Use .withValues() to avoid precision loss. Try replacing the use of the deprecated member with the replacement. - deprecated_member_use
   info - lib\screens\result\result_screen.dart:215:20 - 'Share' is deprecated and shouldn't be used. Use SharePlus instead. Try replacing the use of the deprecated member with the replacement. - deprecated_member_use
   info - lib\screens\result\result_screen.dart:215:26 - 'share' is deprecated and shouldn't be used. Use SharePlus.instance.share() instead. Try replacing the use of the deprecated member with the replacement. - deprecated_member_use
   info - lib\screens\result\result_screen.dart:233:49 - 'withOpacity' is deprecated and shouldn't be used. Use .withValues() to avoid precision loss. Try replacing the use of the deprecated member with the replacement. - deprecated_member_use
   info - lib\screens\result\result_screen.dart:324:49 - 'withOpacity' is deprecated and shouldn't be used. Use .withValues() to avoid precision loss. Try replacing the use of the deprecated member with the replacement. - deprecated_member_use
   info - lib\screens\settings\settings_screen.dart:81:102 - 'withOpacity' is deprecated and shouldn't be used. Use .withValues() to avoid precision loss. Try replacing the use of the deprecated member with the replacement. - deprecated_member_use
   info - lib\screens\settings\settings_screen.dart:100:83 - 'Share' is deprecated and shouldn't be used. Use SharePlus instead. Try replacing the use of the deprecated member with the replacement. - deprecated_member_use
   info - lib\screens\settings\settings_screen.dart:100:89 - 'share' is deprecated and shouldn't be used. Use SharePlus.instance.share() instead. Try replacing the use of the deprecated member with the replacement. - deprecated_member_use
   info - lib\screens\splash\splash_screen.dart:33:20 - Don't use 'BuildContext's across async gaps. Try rewriting the code to not use the 'BuildContext', or guard the use with a 'mounted' check. - use_build_context_synchronously
   info - lib\screens\splash\splash_screen.dart:37:20 - Don't use 'BuildContext's across async gaps. Try rewriting the code to not use the 'BuildContext', or guard the use with a 'mounted' check. - use_build_context_synchronously

36 issues found.
